DEBUG tests/scanner_tests.c:37: ----- RUNNING: ./tests/scanner_tests
DEBUG tests/scanner_tests.c:31: 
------- test_basic_scanning
DEBUG tests/scanner_tests.c:32: 
------- whitespace_is_ignored
DEBUG tests/scanner_tests.c:37: ----- RUNNING: ./tests/scanner_tests
DEBUG tests/scanner_tests.c:31: 
------- test_basic_scanning
DEBUG tests/scanner_tests.c:32: 
------- whitespace_is_ignored
